---
source: spl_frontend/src/parser/tests/incremental.rs
expression: ast
---
Program {
    global_declarations: [
        Reference {
            reference: Procedure(
                ProcedureDeclaration {
                    doc: [],
                    name: Some(
                        Identifier {
                            value: "main",
                            info: AstInfo {
                                range: 1..2,
                                errors: [],
                            },
                        },
                    ),
                    parameters: [],
                    variable_declarations: [],
                    statements: [
                        Reference {
                            reference: If(
                                IfStatement {
                                    condition: Some(
                                        Reference {
                                            reference: Binary(
                                                BinaryExpression {
                                                    operator: Equ,
                                                    lhs: IntLiteral(
                                                        IntLiteral {
                                                            value: Some(
                                                                0,
                                                            ),
                                                            info: AstInfo {
                                                                range: 0..1,
                                                                errors: [],
                                                            },
                                                        },
                                                    ),
                                                    rhs: IntLiteral(
                                                        IntLiteral {
                                                            value: Some(
                                                                0,
                                                            ),
                                                            info: AstInfo {
                                                                range: 2..3,
                                                                errors: [],
                                                            },
                                                        },
                                                    ),
                                                    info: AstInfo {
                                                        range: 0..3,
                                                        errors: [],
                                                    },
                                                },
                                            ),
                                            offset: 2,
                                        },
                                    ),
                                    if_branch: Some(
                                        Reference {
                                            reference: Assignment(
                                                Assignment {
                                                    variable: NamedVariable(
                                                        Identifier {
                                                            value: "y",
                                                            info: AstInfo {
                                                                range: 0..1,
                                                                errors: [],
                                                            },
                                                        },
                                                    ),
                                                    expr: Some(
                                                        Reference {
                                                            reference: IntLiteral(
                                                                IntLiteral {
                                                                    value: Some(
                                                                        2,
                                                                    ),
                                                                    info: AstInfo {
                                                                        range: 0..1,
                                                                        errors: [],
                                                                    },
                                                                },
                                                            ),
                                                            offset: 2,
                                                        },
                                                    ),
                                                    info: AstInfo {
                                                        range: 0..4,
                                                        errors: [],
                                                    },
                                                },
                                            ),
                                            offset: 6,
                                        },
                                    ),
                                    else_branch: None,
                                    info: AstInfo {
                                        range: 0..10,
                                        errors: [],
                                    },
                                },
                            ),
                            offset: 5,
                        },
                    ],
                    info: AstInfo {
                        range: 0..16,
                        errors: [],
                    },
                },
            ),
            offset: 0,
        },
        Reference {
            reference: Error(
                AstInfo {
                    range: 0..8,
                    errors: [
                        SplError(
                            0..8,
                            ParseErrorMessage(
                                UnexpectedCharacters(
                                    "else{x:=1;}}",
                                ),
                            ),
                        ),
                    ],
                },
            ),
            offset: 16,
        },
    ],
    info: AstInfo {
        range: 0..24,
        errors: [],
    },
}
